// Jest Snapshot v1, https://goo.gl/fbAQLP

exports[`matches snapshot 1`] = `
<DocumentFragment>
  <p>
    Song count: 0
  </p>
  <p>
    Current song: /static/music/Clams Casino/Rainforest/01 Natural.mp3
  </p>
  <button
    class="bg-gray-200 hover:bg-gray-400 text-gray-900 font-bold py-2 px-4 mr-1"
  >
    ⏮️
    <span
      class="jsx-140587568"
    >
      Previous
    </span>
  </button>
  <button
    class="bg-gray-200 hover:bg-gray-400 text-gray-900 font-bold py-2 px-4 mr-1"
  >
    ▶️
    <span
      class="jsx-140587568"
    >
      Play
    </span>
  </button>
  <button
    class="bg-gray-200 hover:bg-gray-400 text-gray-900 font-bold py-2 px-4 mr-1"
  >
    ⏭️
    <span
      class="jsx-140587568"
    >
      Next
    </span>
  </button>
</DocumentFragment>
`;
